newegg.com 
alibaba.com google.by king.com nytimes.com yihaodian.com 
google.by nytimes.com ocn.ne.jp 
SITE_NOT_FOUND
google.by nytimes.com 
SITE_NOT_FOUND
amazon.es king.com 
amazon.es nytimes.com 
