WORD_FOUND
WORD_NOT_FOUND
slickdeals.net 
SITE_NOT_FOUND
ea.com netflix.com t88u.com 
myntra.com slickdeals.net t.co t88u.com 
SITE_NOT_FOUND
ea.com t88u.com 
WORD_NOT_FOUND
WORD_FOUND
SITE_NOT_FOUND
netflix.com 
WORD_NOT_FOUND
nifty.com 
dantri.com.vn milanuncios.com myntra.com neobux.com tubegalore.com 
myntra.com netflix.com slickdeals.net 
dantri.com.vn netflix.com nifty.com ya.ru 
