SITE_NOT_FOUND
SITE_NOT_FOUND
SITE_NOT_FOUND
SITE_NOT_FOUND
SITE_NOT_FOUND
SITE_NOT_FOUND
WORD_NOT_FOUND
WORD_NOT_FOUND
SITE_NOT_FOUND
WORD_NOT_FOUND
SITE_NOT_FOUND
SITE_NOT_FOUND
SITE_NOT_FOUND
WORD_NOT_FOUND
WORD_NOT_FOUND
WORD_NOT_FOUND
SITE_NOT_FOUND
SITE_NOT_FOUND
SITE_NOT_FOUND
SITE_NOT_FOUND
WORD_NOT_FOUND
WORD_NOT_FOUND
WORD_NOT_FOUND
SITE_NOT_FOUND
WORD_NOT_FOUND
WORD_FOUND
SITE_NOT_FOUND
WORD_NOT_FOUND
SITE_NOT_FOUND
WORD_NOT_FOUND
SITE_NOT_FOUND
SITE_NOT_FOUND
WORD_NOT_FOUND
WORD_NOT_FOUND
WORD_NOT_FOUND
WORD_NOT_FOUND
SITE_NOT_FOUND
SITE_NOT_FOUND
SITE_NOT_FOUND
WORD_NOT_FOUND
WORD_NOT_FOUND
WORD_NOT_FOUND
WORD_NOT_FOUND
SITE_NOT_FOUND
WORD_NOT_FOUND
SITE_NOT_FOUND
SITE_NOT_FOUND
SITE_NOT_FOUND
SITE_NOT_FOUND
WORD_NOT_FOUND
WORD_NOT_FOUND
SITE_NOT_FOUND
WORD_NOT_FOUND
WORD_NOT_FOUND
WORD_NOT_FOUND
WORD_NOT_FOUND
WORD_NOT_FOUND
WORD_NOT_FOUND
SITE_NOT_FOUND
SITE_NOT_FOUND
WORD_NOT_FOUND
SITE_NOT_FOUND
WORD_NOT_FOUND
WORD_NOT_FOUND
SITE_NOT_FOUND
SITE_NOT_FOUND
WORD_NOT_FOUND
WORD_NOT_FOUND
WORD_NOT_FOUND
SITE_NOT_FOUND
WORD_NOT_FOUND
WORD_NOT_FOUND
SITE_NOT_FOUND
SITE_NOT_FOUND
SITE_NOT_FOUND
WORD_NOT_FOUND
SITE_NOT_FOUND
SITE_NOT_FOUND
WORD_NOT_FOUND
SITE_NOT_FOUND
SITE_NOT_FOUND
SITE_NOT_FOUND
SITE_NOT_FOUND
SITE_NOT_FOUND
SITE_NOT_FOUND
SITE_NOT_FOUND
WORD_NOT_FOUND
SITE_NOT_FOUND
SITE_NOT_FOUND
WORD_NOT_FOUND
bleacherreport.com tabnak.ir 
39.net bleacherreport.com capitalone.com ebay.de google.co.kr infusionsoft.com miniclip.com search-results.com terra.com.br tlbb8.com vimeo.com web.de wo.com.cn wordpress.org yandex.ru 
SITE_NOT_FOUND
SITE_NOT_FOUND
WORD_NOT_FOUND
SITE_NOT_FOUND
WORD_NOT_FOUND
SITE_NOT_FOUND
WORD_NOT_FOUND
SITE_NOT_FOUND
WORD_NOT_FOUND
SITE_NOT_FOUND
WORD_NOT_FOUND
WORD_NOT_FOUND
SITE_NOT_FOUND
WORD_NOT_FOUND
WORD_NOT_FOUND
WORD_NOT_FOUND
WORD_NOT_FOUND
SITE_NOT_FOUND
SITE_NOT_FOUND
chexun.com ctrip.com ebay.de google.co.kr subito.it xtendmedia.com 
SITE_NOT_FOUND
SITE_NOT_FOUND
SITE_NOT_FOUND
WORD_NOT_FOUND
WORD_NOT_FOUND
WORD_NOT_FOUND
SITE_NOT_FOUND
WORD_NOT_FOUND
WORD_NOT_FOUND
WORD_NOT_FOUND
SITE_NOT_FOUND
SITE_NOT_FOUND
SITE_NOT_FOUND
SITE_NOT_FOUND
SITE_NOT_FOUND
WORD_NOT_FOUND
SITE_NOT_FOUND
SITE_NOT_FOUND
SITE_NOT_FOUND
SITE_NOT_FOUND
SITE_NOT_FOUND
WORD_NOT_FOUND
SITE_NOT_FOUND
WORD_NOT_FOUND
WORD_NOT_FOUND
WORD_NOT_FOUND
SITE_NOT_FOUND
WORD_NOT_FOUND
WORD_NOT_FOUND
WORD_NOT_FOUND
WORD_NOT_FOUND
SITE_NOT_FOUND
WORD_NOT_FOUND
SITE_NOT_FOUND
WORD_NOT_FOUND
SITE_NOT_FOUND
SITE_NOT_FOUND
SITE_NOT_FOUND
WORD_NOT_FOUND
SITE_NOT_FOUND
SITE_NOT_FOUND
4shared.com 56.com amazon.de amazonaws.com babycenter.com bleacherreport.com buzzfeed.com chexun.com cj.com fc2.com goo.gl google.com.ua piriform.com popads.net softigloo.com subito.it tabnak.ir terra.com.br tlbb8.com wo.com.cn yandex.kz yandex.ru zhaopin.com 
WORD_NOT_FOUND
WORD_NOT_FOUND
WORD_NOT_FOUND
SITE_NOT_FOUND
WORD_NOT_FOUND
SITE_NOT_FOUND
WORD_NOT_FOUND
SITE_NOT_FOUND
WORD_NOT_FOUND
WORD_NOT_FOUND
SITE_NOT_FOUND
SITE_NOT_FOUND
WORD_NOT_FOUND
WORD_NOT_FOUND
SITE_NOT_FOUND
WORD_NOT_FOUND
WORD_FOUND
SITE_NOT_FOUND
WORD_NOT_FOUND
WORD_NOT_FOUND
WORD_NOT_FOUND
WORD_NOT_FOUND
SITE_NOT_FOUND
WORD_NOT_FOUND
WORD_NOT_FOUND
WORD_NOT_FOUND
WORD_NOT_FOUND
WORD_NOT_FOUND
SITE_NOT_FOUND
WORD_NOT_FOUND
SITE_NOT_FOUND
WORD_NOT_FOUND
SITE_NOT_FOUND
SITE_NOT_FOUND
WORD_NOT_FOUND
SITE_NOT_FOUND
SITE_NOT_FOUND
WORD_NOT_FOUND
WORD_NOT_FOUND
WORD_NOT_FOUND
SITE_NOT_FOUND
SITE_NOT_FOUND
WORD_NOT_FOUND
WORD_NOT_FOUND
SITE_NOT_FOUND
WORD_NOT_FOUND
WORD_NOT_FOUND
SITE_NOT_FOUND
SITE_NOT_FOUND
SITE_NOT_FOUND
WORD_NOT_FOUND
WORD_NOT_FOUND
WORD_NOT_FOUND
SITE_NOT_FOUND
SITE_NOT_FOUND
SITE_NOT_FOUND
WORD_NOT_FOUND
SITE_NOT_FOUND
4tube.com chexun.com 
SITE_NOT_FOUND
subito.it 
SITE_NOT_FOUND
WORD_NOT_FOUND
SITE_NOT_FOUND
WORD_NOT_FOUND
WORD_NOT_FOUND
WORD_NOT_FOUND
SITE_NOT_FOUND
SITE_NOT_FOUND
SITE_NOT_FOUND
WORD_NOT_FOUND
SITE_NOT_FOUND
SITE_NOT_FOUND
WORD_NOT_FOUND
SITE_NOT_FOUND
WORD_NOT_FOUND
WORD_NOT_FOUND
WORD_NOT_FOUND
WORD_NOT_FOUND
WORD_NOT_FOUND
WORD_NOT_FOUND
SITE_NOT_FOUND
SITE_NOT_FOUND
baixing.com 
SITE_NOT_FOUND
WORD_NOT_FOUND
WORD_NOT_FOUND
SITE_NOT_FOUND
WORD_NOT_FOUND
WORD_NOT_FOUND
WORD_NOT_FOUND
SITE_NOT_FOUND
WORD_NOT_FOUND
WORD_NOT_FOUND
SITE_NOT_FOUND
SITE_NOT_FOUND
SITE_NOT_FOUND
WORD_NOT_FOUND
apple.com kijiji.ca novinky.cz 
SITE_NOT_FOUND
WORD_NOT_FOUND
SITE_NOT_FOUND
WORD_NOT_FOUND
SITE_NOT_FOUND
WORD_NOT_FOUND
WORD_NOT_FOUND
WORD_NOT_FOUND
SITE_NOT_FOUND
WORD_NOT_FOUND
SITE_NOT_FOUND
WORD_NOT_FOUND
WORD_NOT_FOUND
WORD_NOT_FOUND
WORD_NOT_FOUND
WORD_NOT_FOUND
WORD_NOT_FOUND
WORD_NOT_FOUND
WORD_NOT_FOUND
WORD_NOT_FOUND
WORD_NOT_FOUND
WORD_NOT_FOUND
SITE_NOT_FOUND
SITE_NOT_FOUND
WORD_NOT_FOUND
SITE_NOT_FOUND
SITE_NOT_FOUND
SITE_NOT_FOUND
WORD_NOT_FOUND
SITE_NOT_FOUND
SITE_NOT_FOUND
WORD_NOT_FOUND
SITE_NOT_FOUND
SITE_NOT_FOUND
WORD_NOT_FOUND
WORD_NOT_FOUND
4tube.com 
WORD_NOT_FOUND
WORD_NOT_FOUND
SITE_NOT_FOUND
WORD_NOT_FOUND
SITE_NOT_FOUND
WORD_NOT_FOUND
SITE_NOT_FOUND
SITE_NOT_FOUND
SITE_NOT_FOUND
SITE_NOT_FOUND
WORD_NOT_FOUND
WORD_NOT_FOUND
SITE_NOT_FOUND
WORD_NOT_FOUND
WORD_NOT_FOUND
SITE_NOT_FOUND
WORD_NOT_FOUND
WORD_NOT_FOUND
SITE_NOT_FOUND
WORD_NOT_FOUND
SITE_NOT_FOUND
SITE_NOT_FOUND
SITE_NOT_FOUND
WORD_NOT_FOUND
SITE_NOT_FOUND
WORD_NOT_FOUND
SITE_NOT_FOUND
4tube.com google.co.kr torrentz.in 
WORD_NOT_FOUND
SITE_NOT_FOUND
WORD_NOT_FOUND
WORD_NOT_FOUND
WORD_NOT_FOUND
SITE_NOT_FOUND
WORD_NOT_FOUND
SITE_NOT_FOUND
SITE_NOT_FOUND
WORD_NOT_FOUND
WORD_NOT_FOUND
WORD_NOT_FOUND
