WORD_NOT_FOUND
say-move.org 
WORD_NOT_FOUND
SITE_NOT_FOUND
WORD_NOT_FOUND
WORD_NOT_FOUND
WORD_NOT_FOUND
WORD_NOT_FOUND
SITE_NOT_FOUND
WORD_NOT_FOUND
WORD_NOT_FOUND
WORD_NOT_FOUND
mlb.com 
SITE_NOT_FOUND
WORD_NOT_FOUND
WORD_NOT_FOUND
WORD_NOT_FOUND
WORD_NOT_FOUND
SITE_NOT_FOUND
WORD_NOT_FOUND
WORD_NOT_FOUND
SITE_NOT_FOUND
SITE_NOT_FOUND
SITE_NOT_FOUND
SITE_NOT_FOUND
WORD_NOT_FOUND
WORD_NOT_FOUND
WORD_NOT_FOUND
WORD_NOT_FOUND
SITE_NOT_FOUND
SITE_NOT_FOUND
WORD_NOT_FOUND
WORD_NOT_FOUND
WORD_NOT_FOUND
SITE_NOT_FOUND
amazon.ca 
SITE_NOT_FOUND
WORD_NOT_FOUND
WORD_NOT_FOUND
2345.com 
SITE_NOT_FOUND
SITE_NOT_FOUND
WORD_NOT_FOUND
tinyurl.com 
SITE_NOT_FOUND
WORD_NOT_FOUND
WORD_NOT_FOUND
SITE_NOT_FOUND
SITE_NOT_FOUND
SITE_NOT_FOUND
WORD_NOT_FOUND
SITE_NOT_FOUND
WORD_NOT_FOUND
mackolik.com 
WORD_NOT_FOUND
WORD_NOT_FOUND
WORD_NOT_FOUND
SITE_NOT_FOUND
WORD_NOT_FOUND
WORD_NOT_FOUND
WORD_NOT_FOUND
SITE_NOT_FOUND
SITE_NOT_FOUND
SITE_NOT_FOUND
WORD_NOT_FOUND
SITE_NOT_FOUND
WORD_NOT_FOUND
SITE_NOT_FOUND
WORD_NOT_FOUND
etsy.com 
WORD_NOT_FOUND
WORD_NOT_FOUND
SITE_NOT_FOUND
SITE_NOT_FOUND
WORD_NOT_FOUND
SITE_NOT_FOUND
WORD_NOT_FOUND
SITE_NOT_FOUND
SITE_NOT_FOUND
WORD_NOT_FOUND
WORD_NOT_FOUND
SITE_NOT_FOUND
WORD_NOT_FOUND
WORD_NOT_FOUND
WORD_NOT_FOUND
WORD_NOT_FOUND
SITE_NOT_FOUND
SITE_NOT_FOUND
WORD_NOT_FOUND
seomoz.org 
WORD_NOT_FOUND
WORD_NOT_FOUND
SITE_NOT_FOUND
SITE_NOT_FOUND
SITE_NOT_FOUND
WORD_NOT_FOUND
WORD_NOT_FOUND
WORD_NOT_FOUND
SITE_NOT_FOUND
WORD_NOT_FOUND
SITE_NOT_FOUND
SITE_NOT_FOUND
SITE_NOT_FOUND
SITE_NOT_FOUND
SITE_NOT_FOUND
SITE_NOT_FOUND
SITE_NOT_FOUND
WORD_NOT_FOUND
WORD_NOT_FOUND
SITE_NOT_FOUND
SITE_NOT_FOUND
SITE_NOT_FOUND
WORD_NOT_FOUND
weather.gov 
WORD_NOT_FOUND
WORD_NOT_FOUND
WORD_NOT_FOUND
SITE_NOT_FOUND
WORD_NOT_FOUND
SITE_NOT_FOUND
SITE_NOT_FOUND
SITE_NOT_FOUND
WORD_NOT_FOUND
WORD_NOT_FOUND
WORD_NOT_FOUND
SITE_NOT_FOUND
SITE_NOT_FOUND
SITE_NOT_FOUND
SITE_NOT_FOUND
rediff.com 
WORD_NOT_FOUND
SITE_NOT_FOUND
WORD_NOT_FOUND
WORD_NOT_FOUND
WORD_NOT_FOUND
WORD_NOT_FOUND
WORD_NOT_FOUND
WORD_NOT_FOUND
WORD_NOT_FOUND
SITE_NOT_FOUND
WORD_NOT_FOUND
WORD_NOT_FOUND
WORD_NOT_FOUND
WORD_NOT_FOUND
WORD_NOT_FOUND
WORD_NOT_FOUND
SITE_NOT_FOUND
WORD_NOT_FOUND
SITE_NOT_FOUND
SITE_NOT_FOUND
SITE_NOT_FOUND
WORD_NOT_FOUND
SITE_NOT_FOUND
SITE_NOT_FOUND
SITE_NOT_FOUND
SITE_NOT_FOUND
SITE_NOT_FOUND
WORD_NOT_FOUND
SITE_NOT_FOUND
SITE_NOT_FOUND
SITE_NOT_FOUND
SITE_NOT_FOUND
WORD_NOT_FOUND
SITE_NOT_FOUND
WORD_NOT_FOUND
SITE_NOT_FOUND
SITE_NOT_FOUND
SITE_NOT_FOUND
SITE_NOT_FOUND
WORD_NOT_FOUND
WORD_NOT_FOUND
SITE_NOT_FOUND
WORD_NOT_FOUND
WORD_NOT_FOUND
WORD_NOT_FOUND
SITE_NOT_FOUND
WORD_NOT_FOUND
WORD_NOT_FOUND
WORD_NOT_FOUND
SITE_NOT_FOUND
SITE_NOT_FOUND
WORD_NOT_FOUND
SITE_NOT_FOUND
SITE_NOT_FOUND
SITE_NOT_FOUND
SITE_NOT_FOUND
WORD_NOT_FOUND
SITE_NOT_FOUND
WORD_NOT_FOUND
WORD_NOT_FOUND
WORD_NOT_FOUND
WORD_NOT_FOUND
WORD_NOT_FOUND
SITE_NOT_FOUND
WORD_NOT_FOUND
WORD_NOT_FOUND
SITE_NOT_FOUND
sporx.com 
WORD_NOT_FOUND
fiverr.com 
SITE_NOT_FOUND
SITE_NOT_FOUND
SITE_NOT_FOUND
WORD_NOT_FOUND
SITE_NOT_FOUND
WORD_NOT_FOUND
WORD_NOT_FOUND
WORD_NOT_FOUND
WORD_NOT_FOUND
WORD_NOT_FOUND
WORD_NOT_FOUND
cnblogs.com 
WORD_NOT_FOUND
WORD_NOT_FOUND
WORD_NOT_FOUND
SITE_NOT_FOUND
WORD_NOT_FOUND
SITE_NOT_FOUND
WORD_NOT_FOUND
WORD_NOT_FOUND
SITE_NOT_FOUND
WORD_NOT_FOUND
WORD_NOT_FOUND
WORD_NOT_FOUND
WORD_NOT_FOUND
WORD_NOT_FOUND
WORD_NOT_FOUND
WORD_NOT_FOUND
SITE_NOT_FOUND
SITE_NOT_FOUND
SITE_NOT_FOUND
WORD_NOT_FOUND
SITE_NOT_FOUND
WORD_NOT_FOUND
SITE_NOT_FOUND
WORD_NOT_FOUND
WORD_NOT_FOUND
SITE_NOT_FOUND
SITE_NOT_FOUND
WORD_NOT_FOUND
SITE_NOT_FOUND
WORD_NOT_FOUND
SITE_NOT_FOUND
WORD_NOT_FOUND
WORD_NOT_FOUND
WORD_NOT_FOUND
SITE_NOT_FOUND
SITE_NOT_FOUND
SITE_NOT_FOUND
WORD_NOT_FOUND
SITE_NOT_FOUND
WORD_NOT_FOUND
SITE_NOT_FOUND
SITE_NOT_FOUND
SITE_NOT_FOUND
SITE_NOT_FOUND
WORD_NOT_FOUND
SITE_NOT_FOUND
WORD_NOT_FOUND
WORD_NOT_FOUND
SITE_NOT_FOUND
WORD_NOT_FOUND
SITE_NOT_FOUND
WORD_NOT_FOUND
SITE_NOT_FOUND
WORD_NOT_FOUND
WORD_NOT_FOUND
SITE_NOT_FOUND
WORD_NOT_FOUND
SITE_NOT_FOUND
SITE_NOT_FOUND
WORD_NOT_FOUND
SITE_NOT_FOUND
WORD_NOT_FOUND
WORD_NOT_FOUND
WORD_NOT_FOUND
WORD_NOT_FOUND
WORD_NOT_FOUND
SITE_NOT_FOUND
WORD_NOT_FOUND
SITE_NOT_FOUND
SITE_NOT_FOUND
SITE_NOT_FOUND
SITE_NOT_FOUND
SITE_NOT_FOUND
WORD_NOT_FOUND
WORD_NOT_FOUND
WORD_NOT_FOUND
SITE_NOT_FOUND
WORD_NOT_FOUND
WORD_NOT_FOUND
WORD_NOT_FOUND
SITE_NOT_FOUND
WORD_NOT_FOUND
WORD_NOT_FOUND
SITE_NOT_FOUND
WORD_NOT_FOUND
WORD_NOT_FOUND
WORD_NOT_FOUND
SITE_NOT_FOUND
WORD_NOT_FOUND
WORD_NOT_FOUND
WORD_NOT_FOUND
WORD_NOT_FOUND
WORD_NOT_FOUND
adnxs.com 
WORD_NOT_FOUND
WORD_NOT_FOUND
SITE_NOT_FOUND
WORD_NOT_FOUND
SITE_NOT_FOUND
WORD_NOT_FOUND
WORD_NOT_FOUND
WORD_NOT_FOUND
WORD_NOT_FOUND
SITE_NOT_FOUND
WORD_NOT_FOUND
WORD_NOT_FOUND
WORD_NOT_FOUND
SITE_NOT_FOUND
SITE_NOT_FOUND
SITE_NOT_FOUND
SITE_NOT_FOUND
WORD_NOT_FOUND
WORD_NOT_FOUND
WORD_NOT_FOUND
SITE_NOT_FOUND
WORD_NOT_FOUND
WORD_NOT_FOUND
WORD_NOT_FOUND
SITE_NOT_FOUND
SITE_NOT_FOUND
WORD_NOT_FOUND
SITE_NOT_FOUND
WORD_NOT_FOUND
SITE_NOT_FOUND
WORD_NOT_FOUND
WORD_NOT_FOUND
SITE_NOT_FOUND
SITE_NOT_FOUND
WORD_NOT_FOUND
SITE_NOT_FOUND
WORD_NOT_FOUND
WORD_NOT_FOUND
SITE_NOT_FOUND
WORD_NOT_FOUND
WORD_NOT_FOUND
WORD_NOT_FOUND
SITE_NOT_FOUND
WORD_NOT_FOUND
WORD_NOT_FOUND
WORD_NOT_FOUND
SITE_NOT_FOUND
SITE_NOT_FOUND
SITE_NOT_FOUND
SITE_NOT_FOUND
WORD_NOT_FOUND
SITE_NOT_FOUND
SITE_NOT_FOUND
SITE_NOT_FOUND
WORD_NOT_FOUND
WORD_NOT_FOUND
SITE_NOT_FOUND
SITE_NOT_FOUND
SITE_NOT_FOUND
WORD_NOT_FOUND
WORD_NOT_FOUND
SITE_NOT_FOUND
xinhuanet.com 
SITE_NOT_FOUND
WORD_NOT_FOUND
WORD_NOT_FOUND
SITE_NOT_FOUND
SITE_NOT_FOUND
SITE_NOT_FOUND
SITE_NOT_FOUND
WORD_NOT_FOUND
WORD_NOT_FOUND
WORD_NOT_FOUND
SITE_NOT_FOUND
WORD_NOT_FOUND
WORD_NOT_FOUND
xinhuanet.com 
WORD_NOT_FOUND
SITE_NOT_FOUND
SITE_NOT_FOUND
WORD_NOT_FOUND
WORD_NOT_FOUND
SITE_NOT_FOUND
WORD_NOT_FOUND
WORD_NOT_FOUND
WORD_NOT_FOUND
ganji.com mercadolibre.com.ar 
SITE_NOT_FOUND
WORD_NOT_FOUND
SITE_NOT_FOUND
SITE_NOT_FOUND
SITE_NOT_FOUND
WORD_NOT_FOUND
WORD_NOT_FOUND
SITE_NOT_FOUND
WORD_NOT_FOUND
WORD_NOT_FOUND
WORD_NOT_FOUND
SITE_NOT_FOUND
WORD_NOT_FOUND
SITE_NOT_FOUND
WORD_NOT_FOUND
WORD_NOT_FOUND
WORD_NOT_FOUND
WORD_NOT_FOUND
SITE_NOT_FOUND
WORD_NOT_FOUND
SITE_NOT_FOUND
WORD_NOT_FOUND
WORD_NOT_FOUND
WORD_NOT_FOUND
WORD_NOT_FOUND
WORD_NOT_FOUND
SITE_NOT_FOUND
WORD_NOT_FOUND
WORD_NOT_FOUND
WORD_NOT_FOUND
WORD_NOT_FOUND
WORD_NOT_FOUND
SITE_NOT_FOUND
WORD_NOT_FOUND
WORD_NOT_FOUND
WORD_NOT_FOUND
SITE_NOT_FOUND
SITE_NOT_FOUND
SITE_NOT_FOUND
WORD_NOT_FOUND
SITE_NOT_FOUND
SITE_NOT_FOUND
WORD_NOT_FOUND
SITE_NOT_FOUND
SITE_NOT_FOUND
WORD_NOT_FOUND
WORD_NOT_FOUND
WORD_NOT_FOUND
SITE_NOT_FOUND
SITE_NOT_FOUND
mangareader.net 
SITE_NOT_FOUND
WORD_NOT_FOUND
WORD_NOT_FOUND
WORD_NOT_FOUND
SITE_NOT_FOUND
google.de 
WORD_NOT_FOUND
WORD_NOT_FOUND
WORD_NOT_FOUND
WORD_NOT_FOUND
SITE_NOT_FOUND
SITE_NOT_FOUND
SITE_NOT_FOUND
WORD_NOT_FOUND
WORD_NOT_FOUND
WORD_NOT_FOUND
WORD_NOT_FOUND
SITE_NOT_FOUND
SITE_NOT_FOUND
SITE_NOT_FOUND
WORD_NOT_FOUND
SITE_NOT_FOUND
SITE_NOT_FOUND
WORD_NOT_FOUND
SITE_NOT_FOUND
SITE_NOT_FOUND
SITE_NOT_FOUND
SITE_NOT_FOUND
SITE_NOT_FOUND
WORD_NOT_FOUND
SITE_NOT_FOUND
WORD_NOT_FOUND
SITE_NOT_FOUND
SITE_NOT_FOUND
SITE_NOT_FOUND
SITE_NOT_FOUND
SITE_NOT_FOUND
SITE_NOT_FOUND
WORD_NOT_FOUND
WORD_NOT_FOUND
SITE_NOT_FOUND
SITE_NOT_FOUND
WORD_NOT_FOUND
SITE_NOT_FOUND
SITE_NOT_FOUND
WORD_NOT_FOUND
SITE_NOT_FOUND
WORD_NOT_FOUND
WORD_NOT_FOUND
WORD_NOT_FOUND
SITE_NOT_FOUND
WORD_NOT_FOUND
SITE_NOT_FOUND
WORD_NOT_FOUND
WORD_NOT_FOUND
WORD_NOT_FOUND
SITE_NOT_FOUND
SITE_NOT_FOUND
WORD_NOT_FOUND
WORD_NOT_FOUND
SITE_NOT_FOUND
WORD_NOT_FOUND
WORD_NOT_FOUND
WORD_NOT_FOUND
WORD_NOT_FOUND
WORD_NOT_FOUND
SITE_NOT_FOUND
SITE_NOT_FOUND
SITE_NOT_FOUND
WORD_NOT_FOUND
WORD_NOT_FOUND
WORD_NOT_FOUND
SITE_NOT_FOUND
WORD_NOT_FOUND
WORD_NOT_FOUND
WORD_NOT_FOUND
SITE_NOT_FOUND
SITE_NOT_FOUND
WORD_NOT_FOUND
WORD_NOT_FOUND
SITE_NOT_FOUND
SITE_NOT_FOUND
WORD_NOT_FOUND
SITE_NOT_FOUND
SITE_NOT_FOUND
SITE_NOT_FOUND
WORD_NOT_FOUND
SITE_NOT_FOUND
WORD_NOT_FOUND
SITE_NOT_FOUND
SITE_NOT_FOUND
WORD_NOT_FOUND
WORD_NOT_FOUND
WORD_NOT_FOUND
SITE_NOT_FOUND
WORD_NOT_FOUND
SITE_NOT_FOUND
WORD_NOT_FOUND
WORD_NOT_FOUND
SITE_NOT_FOUND
SITE_NOT_FOUND
WORD_NOT_FOUND
WORD_NOT_FOUND
SITE_NOT_FOUND
WORD_NOT_FOUND
SITE_NOT_FOUND
SITE_NOT_FOUND
SITE_NOT_FOUND
SITE_NOT_FOUND
WORD_NOT_FOUND
SITE_NOT_FOUND
SITE_NOT_FOUND
SITE_NOT_FOUND
WORD_NOT_FOUND
WORD_NOT_FOUND
WORD_NOT_FOUND
WORD_NOT_FOUND
WORD_NOT_FOUND
WORD_NOT_FOUND
WORD_NOT_FOUND
WORD_NOT_FOUND
SITE_NOT_FOUND
SITE_NOT_FOUND
SITE_NOT_FOUND
WORD_NOT_FOUND
SITE_NOT_FOUND
WORD_NOT_FOUND
WORD_NOT_FOUND
WORD_NOT_FOUND
WORD_NOT_FOUND
SITE_NOT_FOUND
WORD_NOT_FOUND
WORD_NOT_FOUND
WORD_NOT_FOUND
SITE_NOT_FOUND
WORD_NOT_FOUND
SITE_NOT_FOUND
WORD_NOT_FOUND
WORD_NOT_FOUND
WORD_NOT_FOUND
SITE_NOT_FOUND
SITE_NOT_FOUND
126.com dantri.com.vn google.rs 
WORD_NOT_FOUND
WORD_NOT_FOUND
WORD_NOT_FOUND
WORD_NOT_FOUND
WORD_NOT_FOUND
SITE_NOT_FOUND
WORD_NOT_FOUND
SITE_NOT_FOUND
SITE_NOT_FOUND
SITE_NOT_FOUND
overstock.com 
SITE_NOT_FOUND
SITE_NOT_FOUND
WORD_NOT_FOUND
SITE_NOT_FOUND
WORD_NOT_FOUND
WORD_NOT_FOUND
SITE_NOT_FOUND
SITE_NOT_FOUND
WORD_NOT_FOUND
SITE_NOT_FOUND
SITE_NOT_FOUND
SITE_NOT_FOUND
SITE_NOT_FOUND
SITE_NOT_FOUND
SITE_NOT_FOUND
SITE_NOT_FOUND
WORD_NOT_FOUND
SITE_NOT_FOUND
WORD_NOT_FOUND
SITE_NOT_FOUND
WORD_NOT_FOUND
WORD_NOT_FOUND
WORD_NOT_FOUND
SITE_NOT_FOUND
SITE_NOT_FOUND
SITE_NOT_FOUND
WORD_NOT_FOUND
SITE_NOT_FOUND
WORD_NOT_FOUND
WORD_NOT_FOUND
SITE_NOT_FOUND
WORD_NOT_FOUND
WORD_NOT_FOUND
SITE_NOT_FOUND
WORD_NOT_FOUND
WORD_NOT_FOUND
SITE_NOT_FOUND
WORD_NOT_FOUND
WORD_NOT_FOUND
baomihua.com hulu.com rottentomatoes.com 
WORD_NOT_FOUND
WORD_NOT_FOUND
WORD_NOT_FOUND
SITE_NOT_FOUND
WORD_NOT_FOUND
SITE_NOT_FOUND
WORD_NOT_FOUND
SITE_NOT_FOUND
SITE_NOT_FOUND
WORD_NOT_FOUND
SITE_NOT_FOUND
SITE_NOT_FOUND
SITE_NOT_FOUND
WORD_NOT_FOUND
WORD_NOT_FOUND
SITE_NOT_FOUND
WORD_NOT_FOUND
SITE_NOT_FOUND
SITE_NOT_FOUND
SITE_NOT_FOUND
WORD_NOT_FOUND
SITE_NOT_FOUND
WORD_NOT_FOUND
WORD_NOT_FOUND
WORD_NOT_FOUND
SITE_NOT_FOUND
SITE_NOT_FOUND
WORD_NOT_FOUND
WORD_NOT_FOUND
SITE_NOT_FOUND
SITE_NOT_FOUND
SITE_NOT_FOUND
WORD_NOT_FOUND
SITE_NOT_FOUND
WORD_NOT_FOUND
WORD_NOT_FOUND
