STACKS:
1: 
2: 
4: 
FLUSHING:
1: 
2: 
3: 
4: 
STACKS:
1: 
2: 
3: 
4: 
STACKS:
1: 
2: 
3: 
4: 
QUEUES:
1: 
2: (15490, 5613), (56696, 46582)
3: 
4: 
FLUSHING:
1: 16317, 23281
2: 
3: 
4: 
FLUSHING:
1: 22764, 27438
2: 
3: 
4: 44431
FLUSHING:
1: 
2: 
3: 
4: 
FLUSHING:
1: 
2: 
3: 
4: 
QUEUES:
1: (2660, 25640)
2: (15490, 5613), (56696, 46582), (37294, 7817)
3: (10970, 4999)
4: 
QUEUES:
1: (2660, 25640)
2: (15490, 5613), (56696, 46582), (37294, 7817)
3: (10970, 4999)
4: 
QUEUES:
0: 
1: (2660, 25640), (70717, 21133)
2: (15490, 5613), (56696, 46582), (37294, 7817)
3: (90329, 13895)
4: 
